// Jest Snapshot v1, https://goo.gl/fbAQLP

exports[`getEventsFromMatomoVisit: should merge action events 1`] = `
[
  {
    "action_eventaction": "Cart change",
    "action_eventcategory": "Ecommerce",
    "action_eventname": "added - Basic Wetsuit",
    "action_eventvalue": 1,
    "action_id": "124_0",
    "action_timespent": 48,
    "action_timestamp": "2021-08-20T21:35:18.000Z",
    "action_title": "Evènement",
    "action_type": "event",
    "action_url": "https://dive-shop.net/products/basic-wetsuit/",
    "actions": "2",
    "city": "Buenos Aires",
    "country": "Argentine",
    "dayssincefirstvisit": "23",
    "devicebrand": "Inconnu",
    "devicemodel": "Générique Bureau",
    "dimension1": "guest",
    "dimension10": "36",
    "dimension2": "julien",
    "dimension3": "page",
    "dimension4": "indonesia",
    "dimension5": "diving",
    "dimension6": "shop",
    "dimension7": "v1.2.3",
    "dimension8": "fr",
    "dimension9": "light",
    "idsite": "42",
    "idvisit": "124",
    "operatingsystemname": "Mac",
    "referrername": "referrerName",
    "referrertype": "referrerType",
    "region": "Buenos Aires",
    "resolution": "1920x1080",
    "serverdateprettyfirstaction": "2021-08-20T21:55:12.000Z",
    "sitename": "tests",
    "sitesearchkeyword": undefined,
    "usercustomdimensions": {
      "dimension1": "guest",
      "dimension10": "36",
      "dimension2": "julien",
      "dimension3": "page",
      "dimension4": "indonesia",
      "dimension5": "diving",
      "dimension6": "shop",
      "dimension7": "v1.2.3",
      "dimension8": "fr",
      "dimension9": "light",
    },
    "usercustomproperties": {
      "page-author": "Julien",
      "post-age": "-430 days",
    },
    "userid": "24",
    "visitduration": "300",
    "visitorid": "visitorId",
    "visitortype": "returningCustomer",
  },
  {
    "action_eventaction": undefined,
    "action_eventcategory": undefined,
    "action_eventname": undefined,
    "action_eventvalue": undefined,
    "action_id": "124_1",
    "action_timespent": "2",
    "action_timestamp": "2021-08-20T21:30:25.000Z",
    "action_title": "Divezone Brand Diving Boots - Divezone Store",
    "action_type": "action",
    "action_url": "https://dive-shop.net/products/diving-boots/",
    "actions": "2",
    "city": "Buenos Aires",
    "country": "Argentine",
    "dayssincefirstvisit": "23",
    "devicebrand": "Inconnu",
    "devicemodel": "Générique Bureau",
    "dimension1": "guest",
    "dimension10": "36",
    "dimension2": "julien",
    "dimension3": "page",
    "dimension4": "indonesia",
    "dimension5": "diving",
    "dimension6": "shop",
    "dimension7": "v1.2.3",
    "dimension8": "fr",
    "dimension9": "light",
    "idsite": "42",
    "idvisit": "124",
    "operatingsystemname": "Mac",
    "referrername": "referrerName",
    "referrertype": "referrerType",
    "region": "Buenos Aires",
    "resolution": "1920x1080",
    "serverdateprettyfirstaction": "2021-08-20T21:55:12.000Z",
    "sitename": "tests",
    "sitesearchkeyword": undefined,
    "usercustomdimensions": {
      "dimension1": "guest",
      "dimension10": "36",
      "dimension2": "julien",
      "dimension3": "page",
      "dimension4": "indonesia",
      "dimension5": "diving",
      "dimension6": "shop",
      "dimension7": "v1.2.3",
      "dimension8": "fr",
      "dimension9": "light",
    },
    "usercustomproperties": {},
    "userid": "24",
    "visitduration": "300",
    "visitorid": "visitorId",
    "visitortype": "returningCustomer",
  },
  {
    "action_eventaction": undefined,
    "action_eventcategory": undefined,
    "action_eventname": undefined,
    "action_eventvalue": undefined,
    "action_id": "124_2",
    "action_timespent": "2",
    "action_timestamp": "2021-08-20T21:30:22.000Z",
    "action_title": "Divezone Brand Diving Boots - Divezone Store",
    "action_type": "search",
    "action_url": "https://dive-shop.net/products/diving-boots/",
    "actions": "2",
    "city": "Buenos Aires",
    "country": "Argentine",
    "dayssincefirstvisit": "23",
    "devicebrand": "Inconnu",
    "devicemodel": "Générique Bureau",
    "dimension1": "guest",
    "dimension10": "36",
    "dimension2": "julien",
    "dimension3": "page",
    "dimension4": "indonesia",
    "dimension5": "diving",
    "dimension6": "shop",
    "dimension7": "v1.2.3",
    "dimension8": "fr",
    "dimension9": "light",
    "idsite": "42",
    "idvisit": "124",
    "operatingsystemname": "Mac",
    "referrername": "referrerName",
    "referrertype": "referrerType",
    "region": "Buenos Aires",
    "resolution": "1920x1080",
    "serverdateprettyfirstaction": "2021-08-20T21:55:12.000Z",
    "sitename": "tests",
    "sitesearchkeyword": "scuba",
    "usercustomdimensions": {
      "dimension1": "guest",
      "dimension10": "36",
      "dimension2": "julien",
      "dimension3": "page",
      "dimension4": "indonesia",
      "dimension5": "diving",
      "dimension6": "shop",
      "dimension7": "v1.2.3",
      "dimension8": "fr",
      "dimension9": "light",
    },
    "usercustomproperties": {},
    "userid": "24",
    "visitduration": "300",
    "visitorid": "visitorId",
    "visitortype": "returningCustomer",
  },
]
`;
